---
source: utoipa-gen/tests/response_derive_test.rs
expression: responses
---
{
  "500": {
    "content": {
      "text/plain": {
        "schema": {
          "oneOf": [
            {
              "format": "int32",
              "type": "integer"
            },
            {
              "type": "string"
            }
          ]
        }
      }
    },
    "description": ""
  }
}
